[debug] [2026-02-17T19:09:11.009Z] ----------------------------------------------------------------------
[debug] [2026-02-17T19:09:11.013Z] Command:       /usr/local/bin/node /usr/local/bin/firebase init
[debug] [2026-02-17T19:09:11.014Z] CLI Version:   15.6.0
[debug] [2026-02-17T19:09:11.014Z] Platform:      darwin
[debug] [2026-02-17T19:09:11.014Z] Node Version:  v22.14.0
[debug] [2026-02-17T19:09:11.015Z] Time:          Tue Feb 17 2026 14:09:11 GMT-0500 (Eastern Standard Time)
[debug] [2026-02-17T19:09:11.015Z] ----------------------------------------------------------------------
[debug] 
[debug] [2026-02-17T19:09:11.018Z] >>> [apiv2][query] GET https://firebase-public.firebaseio.com/cli.json [none]
[info] 
     ######## #### ########  ######## ########     ###     ######  ########
     ##        ##  ##     ## ##       ##     ##  ##   ##  ##       ##
     ######    ##  ########  ######   ########  #########  ######  ######
     ##        ##  ##    ##  ##       ##     ## ##     ##       ## ##
     ##       #### ##     ## ######## ########  ##     ##  ######  ########

You're about to initialize a Firebase project in this directory:

  /Users/robertbeit/Documents/StockApp/stock-app-backend

[debug] [2026-02-17T19:09:12.367Z] <<< [apiv2][status] GET https://firebase-public.firebaseio.com/cli.json 200
[debug] [2026-02-17T19:09:12.368Z] <<< [apiv2][body] GET https://firebase-public.firebaseio.com/cli.json {"cloudBuildErrorAfter":1594252800000,"cloudBuildWarnAfter":1590019200000,"defaultNode10After":1594252800000,"minVersion":"3.0.5","node8DeploysDisabledAfter":1613390400000,"node8RuntimeDisabledAfter":1615809600000,"node8WarnAfter":1600128000000}
[info] 
=== Project Setup
[info] 
[info] First, let's associate this project directory with a Firebase project.
[info] You can create multiple project aliases by running firebase use --add, 
[info] 
[debug] [2026-02-17T19:10:00.683Z] > command requires scopes: ["email","openid","https://www.googleapis.com/auth/cloudplatformprojects.readonly","https://www.googleapis.com/auth/firebase","https://www.googleapis.com/auth/cloud-platform"]
[debug] [2026-02-17T19:10:00.684Z] > authorizing via signed-in user (rbeit508@gmail.com)
[debug] [2026-02-17T19:10:00.685Z] Checked if tokens are valid: false, expires at: 1770829776014
[debug] [2026-02-17T19:10:00.685Z] Checked if tokens are valid: false, expires at: 1770829776014
[debug] [2026-02-17T19:10:00.686Z] > refreshing access token with scopes: []
[debug] [2026-02-17T19:10:00.687Z] >>> [apiv2][query] POST https://www.googleapis.com/oauth2/v3/token [none]
[debug] [2026-02-17T19:10:00.687Z] >>> [apiv2][body] POST https://www.googleapis.com/oauth2/v3/token [omitted]
[debug] [2026-02-17T19:10:00.833Z] <<< [apiv2][status] POST https://www.googleapis.com/oauth2/v3/token 200
[debug] [2026-02-17T19:10:00.833Z] <<< [apiv2][body] POST https://www.googleapis.com/oauth2/v3/token [omitted]
[debug] [2026-02-17T19:10:00.906Z] >>> [apiv2][query] GET https://firebase.googleapis.com/v1beta1/projects pageSize=100
[debug] [2026-02-17T19:10:01.208Z] <<< [apiv2][status] GET https://firebase.googleapis.com/v1beta1/projects 200
[debug] [2026-02-17T19:10:01.209Z] <<< [apiv2][body] GET https://firebase.googleapis.com/v1beta1/projects [omitted]
[info] 
=== Hosting Setup
[debug] [2026-02-17T19:10:05.269Z] Checked if tokens are valid: true, expires at: 1771358999833
[debug] [2026-02-17T19:10:05.269Z] Checked if tokens are valid: true, expires at: 1771358999833
[debug] [2026-02-17T19:10:05.269Z] >>> [apiv2][query] GET https://firebase.googleapis.com/v1beta1/projects/gersemi-microservice [none]
[debug] [2026-02-17T19:10:05.511Z] <<< [apiv2][status] GET https://firebase.googleapis.com/v1beta1/projects/gersemi-microservice 200
[debug] [2026-02-17T19:10:05.511Z] <<< [apiv2][body] GET https://firebase.googleapis.com/v1beta1/projects/gersemi-microservice {"projectId":"gersemi-microservice","projectNumber":"189372855735","displayName":"gersemi-microservice","name":"projects/gersemi-microservice","resources":{"hostingSite":"gersemi-microservice"},"state":"ACTIVE","etag":"1_3ff2c738-40ee-41cb-b8f8-d80612761adb"}
[info] 
[info] Your public directory is the folder (relative to your project directory) that
[info] will contain Hosting assets to be uploaded with firebase deploy. If you
[info] have a build process for your assets, use your build's output directory.
[info] 
[debug] [2026-02-17T19:14:02.263Z] ExitPromptError: User force closed the prompt with SIGINT
    at Interface.sigint (/usr/local/lib/node_modules/firebase-tools/node_modules/@inquirer/core/dist/commonjs/lib/create-prompt.js:101:37)
    at Interface.emit (node:events:518:28)
    at [_ttyWrite] [as _ttyWrite] (node:internal/readline/interface:1124:18)
    at ReadStream.onkeypress (node:internal/readline/interface:263:20)
    at ReadStream.emit (node:events:530:35)
    at emitKeys (node:internal/readline/utils:370:14)
    at emitKeys.next (<anonymous>)
    at ReadStream.onData (node:internal/readline/emitKeypressEvents:64:36)
    at ReadStream.emit (node:events:518:28)
    at addChunk (node:internal/streams/readable:561:12)
[error] 
[error] Error: An unexpected error has occurred.
